[0.071s] DEBUG:colcon:Command line arguments: ['/usr/bin/colcon', 'build']
[0.071s] DEBUG:colcon:Parsed command line arguments: Namespace(log_base=None, log_level=None, verb_name='build', build_base='build', install_base='install', merge_install=False, symlink_install=False, test_result_base=None, continue_on_error=False, executor='parallel', parallel_workers=8, event_handlers=None, ignore_user_meta=False, metas=['./colcon.meta'], base_paths=['.'], packages_ignore=None, packages_ignore_regex=None, paths=None, packages_up_to=None, packages_up_to_regex=None, packages_above=None, packages_above_and_dependencies=None, packages_above_depth=None, packages_select_by_dep=None, packages_skip_by_dep=None, packages_skip_up_to=None, packages_select_build_failed=False, packages_skip_build_finished=False, packages_select_test_failures=False, packages_skip_test_passed=False, packages_select=None, packages_skip=None, packages_select_regex=None, packages_skip_regex=None, packages_start=None, packages_end=None, allow_overriding=[], cmake_args=None, cmake_target=None, cmake_target_skip_unavailable=False, cmake_clean_cache=False, cmake_clean_first=False, cmake_force_configure=False, ament_cmake_args=None, catkin_cmake_args=None, catkin_skip_building_tests=False, mixin_files=None, mixin=None, verb_parser=<colcon_mixin.mixin.mixin_argument.MixinArgumentDecorator object at 0x75f50779a0f0>, verb_extension=<colcon_core.verb.build.BuildVerb object at 0x75f50776c320>, main=<bound method BuildVerb.main of <colcon_core.verb.build.BuildVerb object at 0x75f50776c320>>, mixin_verb=('build',))
[0.096s] Level 1:colcon.colcon_core.package_discovery:discover_packages(colcon_meta) check parameters
[0.096s] Level 1:colcon.colcon_core.package_discovery:discover_packages(recursive) check parameters
[0.096s] Level 1:colcon.colcon_core.package_discovery:discover_packages(ignore) check parameters
[0.096s] Level 1:colcon.colcon_core.package_discovery:discover_packages(path) check parameters
[0.096s] Level 1:colcon.colcon_core.package_discovery:discover_packages(colcon_meta) discover
[0.096s] Level 1:colcon.colcon_core.package_discovery:discover_packages(recursive) discover
[0.096s] INFO:colcon.colcon_core.package_discovery:Crawling recursively for packages in '/home/injae/cobot3_ws'
[0.097s] Level 1:colcon.colcon_core.package_identification:_identify(.) by extensions ['ignore', 'ignore_ament_install']
[0.097s] Level 1:colcon.colcon_core.package_identification:_identify(.) by extension 'ignore'
[0.097s] Level 1:colcon.colcon_core.package_identification:_identify(.) by extension 'ignore_ament_install'
[0.097s] Level 1:colcon.colcon_core.package_identification:_identify(.) by extensions ['colcon_pkg']
[0.097s] Level 1:colcon.colcon_core.package_identification:_identify(.) by extension 'colcon_pkg'
[0.097s] Level 1:colcon.colcon_core.package_identification:_identify(.) by extensions ['colcon_meta']
[0.097s] Level 1:colcon.colcon_core.package_identification:_identify(.) by extension 'colcon_meta'
[0.097s] Level 1:colcon.colcon_core.package_identification:_identify(.) by extensions ['ros']
[0.097s] Level 1:colcon.colcon_core.package_identification:_identify(.) by extension 'ros'
[0.114s] Level 1:colcon.colcon_core.package_identification:_identify(.) by extensions ['cmake', 'python']
[0.114s] Level 1:colcon.colcon_core.package_identification:_identify(.) by extension 'cmake'
[0.114s] Level 1:colcon.colcon_core.package_identification:_identify(.) by extension 'python'
[0.114s] Level 1:colcon.colcon_core.package_identification:_identify(.) by extensions ['python_setup_py']
[0.114s] Level 1:colcon.colcon_core.package_identification:_identify(.) by extension 'python_setup_py'
[0.114s] Level 1:colcon.colcon_core.package_identification:_identify(blue_cube) by extensions ['ignore', 'ignore_ament_install']
[0.114s] Level 1:colcon.colcon_core.package_identification:_identify(blue_cube) by extension 'ignore'
[0.114s] Level 1:colcon.colcon_core.package_identification:_identify(blue_cube) by extension 'ignore_ament_install'
[0.114s] Level 1:colcon.colcon_core.package_identification:_identify(blue_cube) by extensions ['colcon_pkg']
[0.114s] Level 1:colcon.colcon_core.package_identification:_identify(blue_cube) by extension 'colcon_pkg'
[0.114s] Level 1:colcon.colcon_core.package_identification:_identify(blue_cube) by extensions ['colcon_meta']
[0.114s] Level 1:colcon.colcon_core.package_identification:_identify(blue_cube) by extension 'colcon_meta'
[0.114s] Level 1:colcon.colcon_core.package_identification:_identify(blue_cube) by extensions ['ros']
[0.114s] Level 1:colcon.colcon_core.package_identification:_identify(blue_cube) by extension 'ros'
[0.114s] Level 1:colcon.colcon_core.package_identification:_identify(blue_cube) by extensions ['cmake', 'python']
[0.114s] Level 1:colcon.colcon_core.package_identification:_identify(blue_cube) by extension 'cmake'
[0.115s] Level 1:colcon.colcon_core.package_identification:_identify(blue_cube) by extension 'python'
[0.115s] Level 1:colcon.colcon_core.package_identification:_identify(blue_cube) by extensions ['python_setup_py']
[0.115s] Level 1:colcon.colcon_core.package_identification:_identify(blue_cube) by extension 'python_setup_py'
[0.115s] Level 1:colcon.colcon_core.package_identification:_identify(build) by extensions ['ignore', 'ignore_ament_install']
[0.115s] Level 1:colcon.colcon_core.package_identification:_identify(build) by extension 'ignore'
[0.115s] Level 1:colcon.colcon_core.package_identification:_identify(build) ignored
[0.115s] Level 1:colcon.colcon_core.package_identification:_identify(green_cube) by extensions ['ignore', 'ignore_ament_install']
[0.115s] Level 1:colcon.colcon_core.package_identification:_identify(green_cube) by extension 'ignore'
[0.115s] Level 1:colcon.colcon_core.package_identification:_identify(green_cube) by extension 'ignore_ament_install'
[0.115s] Level 1:colcon.colcon_core.package_identification:_identify(green_cube) by extensions ['colcon_pkg']
[0.115s] Level 1:colcon.colcon_core.package_identification:_identify(green_cube) by extension 'colcon_pkg'
[0.115s] Level 1:colcon.colcon_core.package_identification:_identify(green_cube) by extensions ['colcon_meta']
[0.115s] Level 1:colcon.colcon_core.package_identification:_identify(green_cube) by extension 'colcon_meta'
[0.115s] Level 1:colcon.colcon_core.package_identification:_identify(green_cube) by extensions ['ros']
[0.115s] Level 1:colcon.colcon_core.package_identification:_identify(green_cube) by extension 'ros'
[0.115s] Level 1:colcon.colcon_core.package_identification:_identify(green_cube) by extensions ['cmake', 'python']
[0.115s] Level 1:colcon.colcon_core.package_identification:_identify(green_cube) by extension 'cmake'
[0.115s] Level 1:colcon.colcon_core.package_identification:_identify(green_cube) by extension 'python'
[0.115s] Level 1:colcon.colcon_core.package_identification:_identify(green_cube) by extensions ['python_setup_py']
[0.115s] Level 1:colcon.colcon_core.package_identification:_identify(green_cube) by extension 'python_setup_py'
[0.115s] Level 1:colcon.colcon_core.package_identification:_identify(install) by extensions ['ignore', 'ignore_ament_install']
[0.115s] Level 1:colcon.colcon_core.package_identification:_identify(install) by extension 'ignore'
[0.115s] Level 1:colcon.colcon_core.package_identification:_identify(install) ignored
[0.115s] Level 1:colcon.colcon_core.package_identification:_identify(log) by extensions ['ignore', 'ignore_ament_install']
[0.115s] Level 1:colcon.colcon_core.package_identification:_identify(log) by extension 'ignore'
[0.115s] Level 1:colcon.colcon_core.package_identification:_identify(log) ignored
[0.115s] Level 1:colcon.colcon_core.package_identification:_identify(src) by extensions ['ignore', 'ignore_ament_install']
[0.116s] Level 1:colcon.colcon_core.package_identification:_identify(src) by extension 'ignore'
[0.116s] Level 1:colcon.colcon_core.package_identification:_identify(src) by extension 'ignore_ament_install'
[0.116s] Level 1:colcon.colcon_core.package_identification:_identify(src) by extensions ['colcon_pkg']
[0.116s] Level 1:colcon.colcon_core.package_identification:_identify(src) by extension 'colcon_pkg'
[0.116s] Level 1:colcon.colcon_core.package_identification:_identify(src) by extensions ['colcon_meta']
[0.116s] Level 1:colcon.colcon_core.package_identification:_identify(src) by extension 'colcon_meta'
[0.116s] Level 1:colcon.colcon_core.package_identification:_identify(src) by extensions ['ros']
[0.116s] Level 1:colcon.colcon_core.package_identification:_identify(src) by extension 'ros'
[0.116s] Level 1:colcon.colcon_core.package_identification:_identify(src) by extensions ['cmake', 'python']
[0.116s] Level 1:colcon.colcon_core.package_identification:_identify(src) by extension 'cmake'
[0.116s] Level 1:colcon.colcon_core.package_identification:_identify(src) by extension 'python'
[0.116s] Level 1:colcon.colcon_core.package_identification:_identify(src) by extensions ['python_setup_py']
[0.116s] Level 1:colcon.colcon_core.package_identification:_identify(src) by extension 'python_setup_py'
[0.116s] Level 1:colcon.colcon_core.package_identification:_identify(src/cobot3) by extensions ['ignore', 'ignore_ament_install']
[0.116s] Level 1:colcon.colcon_core.package_identification:_identify(src/cobot3) by extension 'ignore'
[0.116s] Level 1:colcon.colcon_core.package_identification:_identify(src/cobot3) by extension 'ignore_ament_install'
[0.116s] Level 1:colcon.colcon_core.package_identification:_identify(src/cobot3) by extensions ['colcon_pkg']
[0.116s] Level 1:colcon.colcon_core.package_identification:_identify(src/cobot3) by extension 'colcon_pkg'
[0.116s] Level 1:colcon.colcon_core.package_identification:_identify(src/cobot3) by extensions ['colcon_meta']
[0.116s] Level 1:colcon.colcon_core.package_identification:_identify(src/cobot3) by extension 'colcon_meta'
[0.116s] Level 1:colcon.colcon_core.package_identification:_identify(src/cobot3) by extensions ['ros']
[0.116s] Level 1:colcon.colcon_core.package_identification:_identify(src/cobot3) by extension 'ros'
[0.118s] DEBUG:colcon.colcon_core.package_identification:Package 'src/cobot3' with type 'ros.ament_python' and name 'cobot3'
[0.118s] Level 1:colcon.colcon_core.package_discovery:discover_packages(recursive) using defaults
[0.118s] Level 1:colcon.colcon_core.package_discovery:discover_packages(ignore) discover
[0.118s] Level 1:colcon.colcon_core.package_discovery:discover_packages(ignore) using defaults
[0.118s] Level 1:colcon.colcon_core.package_discovery:discover_packages(path) discover
[0.118s] Level 1:colcon.colcon_core.package_discovery:discover_packages(path) using defaults
[0.130s] Level 1:colcon.colcon_core.package_discovery:discover_packages(prefix_path) check parameters
[0.130s] Level 1:colcon.colcon_core.package_discovery:discover_packages(prefix_path) discover
[0.131s] WARNING:colcon.colcon_ros.prefix_path.ament:The path '/home/injae/cobot3_ws/install/color_detector' in the environment variable AMENT_PREFIX_PATH doesn't exist
[0.131s] DEBUG:colcon.colcon_installed_package_information.package_discovery:Found 1 installed packages in /home/injae/cobot3_ws/install
[0.132s] DEBUG:colcon.colcon_installed_package_information.package_discovery:Found 0 installed packages in /home/injae/ros2_ws/install
[0.133s] DEBUG:colcon.colcon_installed_package_information.package_discovery:Found 410 installed packages in /opt/ros/jazzy
[0.134s] Level 1:colcon.colcon_core.package_discovery:discover_packages(prefix_path) using defaults
[0.170s] Level 5:colcon.colcon_core.verb:set package 'cobot3' build argument 'cmake_args' from command line to 'None'
[0.170s] Level 5:colcon.colcon_core.verb:set package 'cobot3' build argument 'cmake_target' from command line to 'None'
[0.170s] Level 5:colcon.colcon_core.verb:set package 'cobot3' build argument 'cmake_target_skip_unavailable' from command line to 'False'
[0.170s] Level 5:colcon.colcon_core.verb:set package 'cobot3' build argument 'cmake_clean_cache' from command line to 'False'
[0.170s] Level 5:colcon.colcon_core.verb:set package 'cobot3' build argument 'cmake_clean_first' from command line to 'False'
[0.170s] Level 5:colcon.colcon_core.verb:set package 'cobot3' build argument 'cmake_force_configure' from command line to 'False'
[0.170s] Level 5:colcon.colcon_core.verb:set package 'cobot3' build argument 'ament_cmake_args' from command line to 'None'
[0.170s] Level 5:colcon.colcon_core.verb:set package 'cobot3' build argument 'catkin_cmake_args' from command line to 'None'
[0.170s] Level 5:colcon.colcon_core.verb:set package 'cobot3' build argument 'catkin_skip_building_tests' from command line to 'False'
[0.170s] DEBUG:colcon.colcon_core.verb:Building package 'cobot3' with the following arguments: {'ament_cmake_args': None, 'build_base': '/home/injae/cobot3_ws/build/cobot3', 'catkin_cmake_args': None, 'catkin_skip_building_tests': False, 'cmake_args': None, 'cmake_clean_cache': False, 'cmake_clean_first': False, 'cmake_force_configure': False, 'cmake_target': None, 'cmake_target_skip_unavailable': False, 'install_base': '/home/injae/cobot3_ws/install/cobot3', 'merge_install': False, 'path': '/home/injae/cobot3_ws/src/cobot3', 'symlink_install': False, 'test_result_base': None}
[0.171s] INFO:colcon.colcon_core.executor:Executing jobs using 'parallel' executor
[0.171s] DEBUG:colcon.colcon_parallel_executor.executor.parallel:run_until_complete
[0.171s] INFO:colcon.colcon_ros.task.ament_python.build:Building ROS package in '/home/injae/cobot3_ws/src/cobot3' with build type 'ament_python'
[0.172s] Level 1:colcon.colcon_core.shell:create_environment_hook('cobot3', 'ament_prefix_path')
[0.173s] INFO:colcon.colcon_core.plugin_system:Skipping extension 'colcon_core.shell.bat': Not used on non-Windows systems
[0.173s] INFO:colcon.colcon_core.shell:Creating environment hook '/home/injae/cobot3_ws/install/cobot3/share/cobot3/hook/ament_prefix_path.ps1'
[0.173s] INFO:colcon.colcon_core.shell:Creating environment descriptor '/home/injae/cobot3_ws/install/cobot3/share/cobot3/hook/ament_prefix_path.dsv'
[0.174s] INFO:colcon.colcon_core.shell:Creating environment hook '/home/injae/cobot3_ws/install/cobot3/share/cobot3/hook/ament_prefix_path.sh'
[0.174s] INFO:colcon.colcon_core.shell:Skip shell extension 'powershell' for command environment: Not usable outside of PowerShell
[0.174s] DEBUG:colcon.colcon_core.shell:Skip shell extension 'dsv' for command environment
[0.326s] INFO:colcon.colcon_core.task.python.build:Building Python package in '/home/injae/cobot3_ws/src/cobot3'
[0.326s] INFO:colcon.colcon_core.shell:Skip shell extension 'powershell' for command environment: Not usable outside of PowerShell
[0.327s] DEBUG:colcon.colcon_core.shell:Skip shell extension 'dsv' for command environment
[0.741s] DEBUG:colcon.colcon_core.task.python.build:Available setuptools commands: build_ext, sdist, upload_docs, saveopts, bdist_wheel, install_egg_info, bdist, install_scripts, bdist_rpm, check, compile_catalog, build_clib, install_data, egg_info, test, alias, clean, setopt, build_py, install, develop, dist_info, update_catalog, easy_install, install_headers, extract_messages, install_lib, build_scripts, build, init_catalog, symlink_data, editable_wheel, register, upload, bdist_egg, rotate, bdist_dumb
[0.743s] DEBUG:colcon.colcon_core.event_handler.log_command:Invoking command in '/home/injae/cobot3_ws/src/cobot3': DEBUGINFOD_URLS=https://debuginfod.ubuntu.com PYTHONPATH=/home/injae/cobot3_ws/build/cobot3/prefix_override:/usr/lib/python3/dist-packages/colcon_core/task/python/colcon_distutils_commands:/home/injae/cobot3_ws/install/cobot3/lib/python3.12/site-packages:${PYTHONPATH} /usr/bin/python3 -W ignore:setup.py install is deprecated -W ignore:easy_install command is deprecated setup.py egg_info --egg-base ../../build/cobot3 build --build-base /home/injae/cobot3_ws/build/cobot3/build install --record /home/injae/cobot3_ws/build/cobot3/install.log --install-scripts $base/lib/cobot3 --single-version-externally-managed install_data
[1.139s] DEBUG:colcon.colcon_core.event_handler.log_command:Invoked command in '/home/injae/cobot3_ws/src/cobot3' returned '0': DEBUGINFOD_URLS=https://debuginfod.ubuntu.com PYTHONPATH=/home/injae/cobot3_ws/build/cobot3/prefix_override:/usr/lib/python3/dist-packages/colcon_core/task/python/colcon_distutils_commands:/home/injae/cobot3_ws/install/cobot3/lib/python3.12/site-packages:${PYTHONPATH} /usr/bin/python3 -W ignore:setup.py install is deprecated -W ignore:easy_install command is deprecated setup.py egg_info --egg-base ../../build/cobot3 build --build-base /home/injae/cobot3_ws/build/cobot3/build install --record /home/injae/cobot3_ws/build/cobot3/install.log --install-scripts $base/lib/cobot3 --single-version-externally-managed install_data
[1.140s] Level 1:colcon.colcon_core.environment:checking '/home/injae/cobot3_ws/install/cobot3' for CMake module files
[1.140s] Level 1:colcon.colcon_core.environment:checking '/home/injae/cobot3_ws/install/cobot3' for CMake config files
[1.141s] Level 1:colcon.colcon_core.environment:checking '/home/injae/cobot3_ws/install/cobot3/lib'
[1.141s] Level 1:colcon.colcon_core.environment:checking '/home/injae/cobot3_ws/install/cobot3/bin'
[1.141s] Level 1:colcon.colcon_core.environment:checking '/home/injae/cobot3_ws/install/cobot3/lib/pkgconfig/cobot3.pc'
[1.141s] Level 1:colcon.colcon_core.environment:checking '/home/injae/cobot3_ws/install/cobot3/lib/python3.12/site-packages'
[1.141s] Level 1:colcon.colcon_core.shell:create_environment_hook('cobot3', 'pythonpath')
[1.141s] INFO:colcon.colcon_core.shell:Creating environment hook '/home/injae/cobot3_ws/install/cobot3/share/cobot3/hook/pythonpath.ps1'
[1.142s] INFO:colcon.colcon_core.shell:Creating environment descriptor '/home/injae/cobot3_ws/install/cobot3/share/cobot3/hook/pythonpath.dsv'
[1.142s] INFO:colcon.colcon_core.shell:Creating environment hook '/home/injae/cobot3_ws/install/cobot3/share/cobot3/hook/pythonpath.sh'
[1.142s] Level 1:colcon.colcon_core.environment:checking '/home/injae/cobot3_ws/install/cobot3/bin'
[1.142s] Level 1:colcon.colcon_core.environment:create_environment_scripts_only(cobot3)
[1.142s] INFO:colcon.colcon_core.shell:Creating package script '/home/injae/cobot3_ws/install/cobot3/share/cobot3/package.ps1'
[1.143s] INFO:colcon.colcon_core.shell:Creating package descriptor '/home/injae/cobot3_ws/install/cobot3/share/cobot3/package.dsv'
[1.143s] INFO:colcon.colcon_core.shell:Creating package script '/home/injae/cobot3_ws/install/cobot3/share/cobot3/package.sh'
[1.144s] INFO:colcon.colcon_core.shell:Creating package script '/home/injae/cobot3_ws/install/cobot3/share/cobot3/package.bash'
[1.144s] INFO:colcon.colcon_core.shell:Creating package script '/home/injae/cobot3_ws/install/cobot3/share/cobot3/package.zsh'
[1.145s] Level 1:colcon.colcon_core.environment:create_file_with_runtime_dependencies(/home/injae/cobot3_ws/install/cobot3/share/colcon-core/packages/cobot3)
[1.145s] DEBUG:colcon.colcon_parallel_executor.executor.parallel:closing loop
[1.145s] DEBUG:colcon.colcon_parallel_executor.executor.parallel:loop closed
[1.145s] DEBUG:colcon.colcon_parallel_executor.executor.parallel:run_until_complete finished with '0'
[1.145s] DEBUG:colcon.colcon_core.event_reactor:joining thread
[1.150s] INFO:colcon.colcon_core.plugin_system:Skipping extension 'colcon_notification.desktop_notification.terminal_notifier': Not used on non-Darwin systems
[1.150s] INFO:colcon.colcon_core.plugin_system:Skipping extension 'colcon_notification.desktop_notification.win32': Not used on non-Windows systems
[1.150s] INFO:colcon.colcon_notification.desktop_notification:Sending desktop notification using 'notify2'
[1.160s] DEBUG:colcon.colcon_core.event_reactor:joined thread
[1.160s] INFO:colcon.colcon_core.shell:Creating prefix script '/home/injae/cobot3_ws/install/local_setup.ps1'
[1.161s] INFO:colcon.colcon_core.shell:Creating prefix util module '/home/injae/cobot3_ws/install/_local_setup_util_ps1.py'
[1.161s] INFO:colcon.colcon_core.shell:Creating prefix chain script '/home/injae/cobot3_ws/install/setup.ps1'
[1.162s] INFO:colcon.colcon_core.shell:Creating prefix script '/home/injae/cobot3_ws/install/local_setup.sh'
[1.162s] INFO:colcon.colcon_core.shell:Creating prefix util module '/home/injae/cobot3_ws/install/_local_setup_util_sh.py'
[1.163s] INFO:colcon.colcon_core.shell:Creating prefix chain script '/home/injae/cobot3_ws/install/setup.sh'
[1.163s] INFO:colcon.colcon_core.shell:Creating prefix script '/home/injae/cobot3_ws/install/local_setup.bash'
[1.163s] INFO:colcon.colcon_core.shell:Creating prefix chain script '/home/injae/cobot3_ws/install/setup.bash'
[1.164s] INFO:colcon.colcon_core.shell:Creating prefix script '/home/injae/cobot3_ws/install/local_setup.zsh'
[1.164s] INFO:colcon.colcon_core.shell:Creating prefix chain script '/home/injae/cobot3_ws/install/setup.zsh'
