[0.437s] Invoking command in '/home/rokey/cobot3_ws/src/nova_carter/nav_to_goal': DEBUGINFOD_URLS=https://debuginfod.ubuntu.com PYTHONPATH=/home/rokey/cobot3_ws/build/nav_to_goal/prefix_override:/usr/lib/python3/dist-packages/colcon_core/task/python/colcon_distutils_commands:/home/rokey/cobot3_ws/install/nav_to_goal/lib/python3.12/site-packages:${PYTHONPATH} /usr/bin/python3 -W ignore:setup.py install is deprecated -W ignore:easy_install command is deprecated setup.py egg_info --egg-base ../../../build/nav_to_goal build --build-base /home/rokey/cobot3_ws/build/nav_to_goal/build install --record /home/rokey/cobot3_ws/build/nav_to_goal/install.log --install-scripts $base/lib/nav_to_goal --single-version-externally-managed install_data
[0.576s] running egg_info
[0.586s] writing ../../../build/nav_to_goal/nav_to_goal.egg-info/PKG-INFO
[0.586s] writing dependency_links to ../../../build/nav_to_goal/nav_to_goal.egg-info/dependency_links.txt
[0.586s] writing entry points to ../../../build/nav_to_goal/nav_to_goal.egg-info/entry_points.txt
[0.586s] writing requirements to ../../../build/nav_to_goal/nav_to_goal.egg-info/requires.txt
[0.586s] writing top-level names to ../../../build/nav_to_goal/nav_to_goal.egg-info/top_level.txt
[0.605s] reading manifest file '../../../build/nav_to_goal/nav_to_goal.egg-info/SOURCES.txt'
[0.605s] adding license file 'LICENSE'
[0.606s] writing manifest file '../../../build/nav_to_goal/nav_to_goal.egg-info/SOURCES.txt'
[0.606s] running build
[0.606s] running build_py
[0.606s] copying nav_to_goal/nav_through_pose.py -> /home/rokey/cobot3_ws/build/nav_to_goal/build/lib/nav_to_goal
[0.606s] running install
[0.609s] running install_lib
[0.619s] copying /home/rokey/cobot3_ws/build/nav_to_goal/build/lib/nav_to_goal/nav_through_pose.py -> /home/rokey/cobot3_ws/install/nav_to_goal/lib/python3.12/site-packages/nav_to_goal
[0.619s] byte-compiling /home/rokey/cobot3_ws/install/nav_to_goal/lib/python3.12/site-packages/nav_to_goal/nav_through_pose.py to nav_through_pose.cpython-312.pyc
[0.619s] running install_data
[0.620s] running install_egg_info
[0.630s] removing '/home/rokey/cobot3_ws/install/nav_to_goal/lib/python3.12/site-packages/nav_to_goal-0.0.0-py3.12.egg-info' (and everything under it)
[0.630s] Copying ../../../build/nav_to_goal/nav_to_goal.egg-info to /home/rokey/cobot3_ws/install/nav_to_goal/lib/python3.12/site-packages/nav_to_goal-0.0.0-py3.12.egg-info
[0.631s] running install_scripts
[0.695s] Installing nav_through_pose script to /home/rokey/cobot3_ws/install/nav_to_goal/lib/nav_to_goal
[0.695s] Installing nav_to_pose script to /home/rokey/cobot3_ws/install/nav_to_goal/lib/nav_to_goal
[0.695s] writing list of installed files to '/home/rokey/cobot3_ws/build/nav_to_goal/install.log'
[0.711s] Invoked command in '/home/rokey/cobot3_ws/src/nova_carter/nav_to_goal' returned '0': DEBUGINFOD_URLS=https://debuginfod.ubuntu.com PYTHONPATH=/home/rokey/cobot3_ws/build/nav_to_goal/prefix_override:/usr/lib/python3/dist-packages/colcon_core/task/python/colcon_distutils_commands:/home/rokey/cobot3_ws/install/nav_to_goal/lib/python3.12/site-packages:${PYTHONPATH} /usr/bin/python3 -W ignore:setup.py install is deprecated -W ignore:easy_install command is deprecated setup.py egg_info --egg-base ../../../build/nav_to_goal build --build-base /home/rokey/cobot3_ws/build/nav_to_goal/build install --record /home/rokey/cobot3_ws/build/nav_to_goal/install.log --install-scripts $base/lib/nav_to_goal --single-version-externally-managed install_data
