running egg_info
creating ../../build/m0609_color_detector/m0609_color_detector.egg-info
writing ../../build/m0609_color_detector/m0609_color_detector.egg-info/PKG-INFO
writing dependency_links to ../../build/m0609_color_detector/m0609_color_detector.egg-info/dependency_links.txt
writing entry points to ../../build/m0609_color_detector/m0609_color_detector.egg-info/entry_points.txt
writing requirements to ../../build/m0609_color_detector/m0609_color_detector.egg-info/requires.txt
writing top-level names to ../../build/m0609_color_detector/m0609_color_detector.egg-info/top_level.txt
writing manifest file '../../build/m0609_color_detector/m0609_color_detector.egg-info/SOURCES.txt'
reading manifest file '../../build/m0609_color_detector/m0609_color_detector.egg-info/SOURCES.txt'
writing manifest file '../../build/m0609_color_detector/m0609_color_detector.egg-info/SOURCES.txt'
running build
running build_py
creating /home/injae/cobot3_ws/build/m0609_color_detector/build
creating /home/injae/cobot3_ws/build/m0609_color_detector/build/lib
creating /home/injae/cobot3_ws/build/m0609_color_detector/build/lib/m0609_color_detector
copying m0609_color_detector/__init__.py -> /home/injae/cobot3_ws/build/m0609_color_detector/build/lib/m0609_color_detector
copying m0609_color_detector/color_detector_node.py -> /home/injae/cobot3_ws/build/m0609_color_detector/build/lib/m0609_color_detector
running install
running install_lib
creating /home/injae/cobot3_ws/install/m0609_color_detector/lib/python3.12/site-packages/m0609_color_detector
copying /home/injae/cobot3_ws/build/m0609_color_detector/build/lib/m0609_color_detector/__init__.py -> /home/injae/cobot3_ws/install/m0609_color_detector/lib/python3.12/site-packages/m0609_color_detector
copying /home/injae/cobot3_ws/build/m0609_color_detector/build/lib/m0609_color_detector/color_detector_node.py -> /home/injae/cobot3_ws/install/m0609_color_detector/lib/python3.12/site-packages/m0609_color_detector
byte-compiling /home/injae/cobot3_ws/install/m0609_color_detector/lib/python3.12/site-packages/m0609_color_detector/__init__.py to __init__.cpython-312.pyc
byte-compiling /home/injae/cobot3_ws/install/m0609_color_detector/lib/python3.12/site-packages/m0609_color_detector/color_detector_node.py to color_detector_node.cpython-312.pyc
running install_data
creating /home/injae/cobot3_ws/install/m0609_color_detector/share/ament_index
creating /home/injae/cobot3_ws/install/m0609_color_detector/share/ament_index/resource_index
creating /home/injae/cobot3_ws/install/m0609_color_detector/share/ament_index/resource_index/packages
copying resource/m0609_color_detector -> /home/injae/cobot3_ws/install/m0609_color_detector/share/ament_index/resource_index/packages
copying package.xml -> /home/injae/cobot3_ws/install/m0609_color_detector/share/m0609_color_detector
creating /home/injae/cobot3_ws/install/m0609_color_detector/share/m0609_color_detector/launch
copying launch/color_detector.launch.py -> /home/injae/cobot3_ws/install/m0609_color_detector/share/m0609_color_detector/launch
running install_egg_info
Copying ../../build/m0609_color_detector/m0609_color_detector.egg-info to /home/injae/cobot3_ws/install/m0609_color_detector/lib/python3.12/site-packages/m0609_color_detector-0.1.0-py3.12.egg-info
running install_scripts
Installing color_detector_node script to /home/injae/cobot3_ws/install/m0609_color_detector/lib/m0609_color_detector
writing list of installed files to '/home/injae/cobot3_ws/build/m0609_color_detector/install.log'
