[0.682s] Invoking command in '/home/injae/cobot3_ws/src/m0609_color_detector': DEBUGINFOD_URLS=https://debuginfod.ubuntu.com PYTHONPATH=/home/injae/cobot3_ws/build/m0609_color_detector/prefix_override:/usr/lib/python3/dist-packages/colcon_core/task/python/colcon_distutils_commands:/home/injae/cobot3_ws/install/m0609_color_detector/lib/python3.12/site-packages:${PYTHONPATH} /usr/bin/python3 -W ignore:setup.py install is deprecated -W ignore:easy_install command is deprecated setup.py egg_info --egg-base ../../build/m0609_color_detector build --build-base /home/injae/cobot3_ws/build/m0609_color_detector/build install --record /home/injae/cobot3_ws/build/m0609_color_detector/install.log --install-scripts $base/lib/m0609_color_detector --single-version-externally-managed install_data
[0.899s] running egg_info
[0.899s] creating ../../build/m0609_color_detector/m0609_color_detector.egg-info
[0.915s] writing ../../build/m0609_color_detector/m0609_color_detector.egg-info/PKG-INFO
[0.915s] writing dependency_links to ../../build/m0609_color_detector/m0609_color_detector.egg-info/dependency_links.txt
[0.916s] writing entry points to ../../build/m0609_color_detector/m0609_color_detector.egg-info/entry_points.txt
[0.916s] writing requirements to ../../build/m0609_color_detector/m0609_color_detector.egg-info/requires.txt
[0.916s] writing top-level names to ../../build/m0609_color_detector/m0609_color_detector.egg-info/top_level.txt
[0.916s] writing manifest file '../../build/m0609_color_detector/m0609_color_detector.egg-info/SOURCES.txt'
[0.949s] reading manifest file '../../build/m0609_color_detector/m0609_color_detector.egg-info/SOURCES.txt'
[0.950s] writing manifest file '../../build/m0609_color_detector/m0609_color_detector.egg-info/SOURCES.txt'
[0.950s] running build
[0.950s] running build_py
[0.950s] creating /home/injae/cobot3_ws/build/m0609_color_detector/build
[0.950s] creating /home/injae/cobot3_ws/build/m0609_color_detector/build/lib
[0.950s] creating /home/injae/cobot3_ws/build/m0609_color_detector/build/lib/m0609_color_detector
[0.950s] copying m0609_color_detector/__init__.py -> /home/injae/cobot3_ws/build/m0609_color_detector/build/lib/m0609_color_detector
[0.950s] copying m0609_color_detector/color_detector_node.py -> /home/injae/cobot3_ws/build/m0609_color_detector/build/lib/m0609_color_detector
[0.950s] running install
[0.955s] running install_lib
[0.972s] creating /home/injae/cobot3_ws/install/m0609_color_detector/lib/python3.12/site-packages/m0609_color_detector
[0.972s] copying /home/injae/cobot3_ws/build/m0609_color_detector/build/lib/m0609_color_detector/__init__.py -> /home/injae/cobot3_ws/install/m0609_color_detector/lib/python3.12/site-packages/m0609_color_detector
[0.972s] copying /home/injae/cobot3_ws/build/m0609_color_detector/build/lib/m0609_color_detector/color_detector_node.py -> /home/injae/cobot3_ws/install/m0609_color_detector/lib/python3.12/site-packages/m0609_color_detector
[0.973s] byte-compiling /home/injae/cobot3_ws/install/m0609_color_detector/lib/python3.12/site-packages/m0609_color_detector/__init__.py to __init__.cpython-312.pyc
[0.973s] byte-compiling /home/injae/cobot3_ws/install/m0609_color_detector/lib/python3.12/site-packages/m0609_color_detector/color_detector_node.py to color_detector_node.cpython-312.pyc
[0.974s] running install_data
[0.974s] creating /home/injae/cobot3_ws/install/m0609_color_detector/share/ament_index
[0.974s] creating /home/injae/cobot3_ws/install/m0609_color_detector/share/ament_index/resource_index
[0.974s] creating /home/injae/cobot3_ws/install/m0609_color_detector/share/ament_index/resource_index/packages
[0.974s] copying resource/m0609_color_detector -> /home/injae/cobot3_ws/install/m0609_color_detector/share/ament_index/resource_index/packages
[0.974s] copying package.xml -> /home/injae/cobot3_ws/install/m0609_color_detector/share/m0609_color_detector
[0.974s] creating /home/injae/cobot3_ws/install/m0609_color_detector/share/m0609_color_detector/launch
[0.974s] copying launch/color_detector.launch.py -> /home/injae/cobot3_ws/install/m0609_color_detector/share/m0609_color_detector/launch
[0.974s] running install_egg_info
[0.992s] Copying ../../build/m0609_color_detector/m0609_color_detector.egg-info to /home/injae/cobot3_ws/install/m0609_color_detector/lib/python3.12/site-packages/m0609_color_detector-0.1.0-py3.12.egg-info
[0.992s] running install_scripts
[1.095s] Installing color_detector_node script to /home/injae/cobot3_ws/install/m0609_color_detector/lib/m0609_color_detector
[1.095s] writing list of installed files to '/home/injae/cobot3_ws/build/m0609_color_detector/install.log'
[1.116s] Invoked command in '/home/injae/cobot3_ws/src/m0609_color_detector' returned '0': DEBUGINFOD_URLS=https://debuginfod.ubuntu.com PYTHONPATH=/home/injae/cobot3_ws/build/m0609_color_detector/prefix_override:/usr/lib/python3/dist-packages/colcon_core/task/python/colcon_distutils_commands:/home/injae/cobot3_ws/install/m0609_color_detector/lib/python3.12/site-packages:${PYTHONPATH} /usr/bin/python3 -W ignore:setup.py install is deprecated -W ignore:easy_install command is deprecated setup.py egg_info --egg-base ../../build/m0609_color_detector build --build-base /home/injae/cobot3_ws/build/m0609_color_detector/build install --record /home/injae/cobot3_ws/build/m0609_color_detector/install.log --install-scripts $base/lib/m0609_color_detector --single-version-externally-managed install_data
