running egg_info
writing ../../build/cobot3/cobot3.egg-info/PKG-INFO
writing dependency_links to ../../build/cobot3/cobot3.egg-info/dependency_links.txt
writing entry points to ../../build/cobot3/cobot3.egg-info/entry_points.txt
writing requirements to ../../build/cobot3/cobot3.egg-info/requires.txt
writing top-level names to ../../build/cobot3/cobot3.egg-info/top_level.txt
reading manifest file '../../build/cobot3/cobot3.egg-info/SOURCES.txt'
writing manifest file '../../build/cobot3/cobot3.egg-info/SOURCES.txt'
running build
running build_py
copying cobot3/m0609_color_detector.py -> /home/injae/cobot3_ws/build/cobot3/build/lib/cobot3
running install
running install_lib
copying /home/injae/cobot3_ws/build/cobot3/build/lib/cobot3/m0609_color_detector.py -> /home/injae/cobot3_ws/install/cobot3/lib/python3.12/site-packages/cobot3
byte-compiling /home/injae/cobot3_ws/install/cobot3/lib/python3.12/site-packages/cobot3/m0609_color_detector.py to m0609_color_detector.cpython-312.pyc
running install_data
running install_egg_info
removing '/home/injae/cobot3_ws/install/cobot3/lib/python3.12/site-packages/cobot3-0.1.0-py3.12.egg-info' (and everything under it)
Copying ../../build/cobot3/cobot3.egg-info to /home/injae/cobot3_ws/install/cobot3/lib/python3.12/site-packages/cobot3-0.1.0-py3.12.egg-info
running install_scripts
Installing m0609_color_detector script to /home/injae/cobot3_ws/install/cobot3/lib/cobot3
writing list of installed files to '/home/injae/cobot3_ws/build/cobot3/install.log'
