[0.738s] Invoking command in '/home/injae/cobot3_ws/src/color_detector': DEBUGINFOD_URLS=https://debuginfod.ubuntu.com PYTHONPATH=/home/injae/cobot3_ws/build/color_detector/prefix_override:/usr/lib/python3/dist-packages/colcon_core/task/python/colcon_distutils_commands:/home/injae/cobot3_ws/install/color_detector/lib/python3.12/site-packages:${PYTHONPATH} /usr/bin/python3 -W ignore:setup.py install is deprecated -W ignore:easy_install command is deprecated setup.py egg_info --egg-base ../../build/color_detector build --build-base /home/injae/cobot3_ws/build/color_detector/build install --record /home/injae/cobot3_ws/build/color_detector/install.log --install-scripts $base/lib/color_detector --single-version-externally-managed install_data
[0.948s] running egg_info
[0.964s] writing ../../build/color_detector/color_detector.egg-info/PKG-INFO
[0.964s] writing dependency_links to ../../build/color_detector/color_detector.egg-info/dependency_links.txt
[0.964s] writing entry points to ../../build/color_detector/color_detector.egg-info/entry_points.txt
[0.964s] writing requirements to ../../build/color_detector/color_detector.egg-info/requires.txt
[0.964s] writing top-level names to ../../build/color_detector/color_detector.egg-info/top_level.txt
[0.998s] reading manifest file '../../build/color_detector/color_detector.egg-info/SOURCES.txt'
[0.998s] writing manifest file '../../build/color_detector/color_detector.egg-info/SOURCES.txt'
[0.998s] running build
[0.998s] running build_py
[0.999s] copying color_detector/color_detector_node.py -> /home/injae/cobot3_ws/build/color_detector/build/lib/color_detector
[0.999s] running install
[1.004s] running install_lib
[1.020s] copying /home/injae/cobot3_ws/build/color_detector/build/lib/color_detector/color_detector_node.py -> /home/injae/cobot3_ws/install/color_detector/lib/python3.12/site-packages/color_detector
[1.021s] byte-compiling /home/injae/cobot3_ws/install/color_detector/lib/python3.12/site-packages/color_detector/color_detector_node.py to color_detector_node.cpython-312.pyc
[1.022s] running install_data
[1.022s] running install_egg_info
[1.040s] removing '/home/injae/cobot3_ws/install/color_detector/lib/python3.12/site-packages/color_detector-0.1.0-py3.12.egg-info' (and everything under it)
[1.040s] Copying ../../build/color_detector/color_detector.egg-info to /home/injae/cobot3_ws/install/color_detector/lib/python3.12/site-packages/color_detector-0.1.0-py3.12.egg-info
[1.041s] running install_scripts
[1.144s] Installing color_detector_node script to /home/injae/cobot3_ws/install/color_detector/lib/color_detector
[1.144s] writing list of installed files to '/home/injae/cobot3_ws/build/color_detector/install.log'
[1.163s] Invoked command in '/home/injae/cobot3_ws/src/color_detector' returned '0': DEBUGINFOD_URLS=https://debuginfod.ubuntu.com PYTHONPATH=/home/injae/cobot3_ws/build/color_detector/prefix_override:/usr/lib/python3/dist-packages/colcon_core/task/python/colcon_distutils_commands:/home/injae/cobot3_ws/install/color_detector/lib/python3.12/site-packages:${PYTHONPATH} /usr/bin/python3 -W ignore:setup.py install is deprecated -W ignore:easy_install command is deprecated setup.py egg_info --egg-base ../../build/color_detector build --build-base /home/injae/cobot3_ws/build/color_detector/build install --record /home/injae/cobot3_ws/build/color_detector/install.log --install-scripts $base/lib/color_detector --single-version-externally-managed install_data
