running egg_info
creating ../../../build/nav_to_goal/nav_to_goal.egg-info
writing ../../../build/nav_to_goal/nav_to_goal.egg-info/PKG-INFO
writing dependency_links to ../../../build/nav_to_goal/nav_to_goal.egg-info/dependency_links.txt
writing requirements to ../../../build/nav_to_goal/nav_to_goal.egg-info/requires.txt
writing top-level names to ../../../build/nav_to_goal/nav_to_goal.egg-info/top_level.txt
writing manifest file '../../../build/nav_to_goal/nav_to_goal.egg-info/SOURCES.txt'
reading manifest file '../../../build/nav_to_goal/nav_to_goal.egg-info/SOURCES.txt'
adding license file 'LICENSE'
writing manifest file '../../../build/nav_to_goal/nav_to_goal.egg-info/SOURCES.txt'
running build
running build_py
creating /home/rokey/cobot3_ws/build/nav_to_goal/build
creating /home/rokey/cobot3_ws/build/nav_to_goal/build/lib
creating /home/rokey/cobot3_ws/build/nav_to_goal/build/lib/nav_to_goal
copying nav_to_goal/__init__.py -> /home/rokey/cobot3_ws/build/nav_to_goal/build/lib/nav_to_goal
running install
running install_lib
creating /home/rokey/cobot3_ws/install/nav_to_goal/lib/python3.12/site-packages/nav_to_goal
copying /home/rokey/cobot3_ws/build/nav_to_goal/build/lib/nav_to_goal/__init__.py -> /home/rokey/cobot3_ws/install/nav_to_goal/lib/python3.12/site-packages/nav_to_goal
byte-compiling /home/rokey/cobot3_ws/install/nav_to_goal/lib/python3.12/site-packages/nav_to_goal/__init__.py to __init__.cpython-312.pyc
running install_data
creating /home/rokey/cobot3_ws/install/nav_to_goal/share/ament_index
creating /home/rokey/cobot3_ws/install/nav_to_goal/share/ament_index/resource_index
creating /home/rokey/cobot3_ws/install/nav_to_goal/share/ament_index/resource_index/packages
copying resource/nav_to_goal -> /home/rokey/cobot3_ws/install/nav_to_goal/share/ament_index/resource_index/packages
copying package.xml -> /home/rokey/cobot3_ws/install/nav_to_goal/share/nav_to_goal
running install_egg_info
Copying ../../../build/nav_to_goal/nav_to_goal.egg-info to /home/rokey/cobot3_ws/install/nav_to_goal/lib/python3.12/site-packages/nav_to_goal-0.0.0-py3.12.egg-info
running install_scripts
writing list of installed files to '/home/rokey/cobot3_ws/build/nav_to_goal/install.log'
