[0.423s] Invoking command in '/home/rokey/cobot3_ws/src/m0609': DEBUGINFOD_URLS=https://debuginfod.ubuntu.com PYTHONPATH=/home/rokey/cobot3_ws/build/m0609/prefix_override:/usr/lib/python3/dist-packages/colcon_core/task/python/colcon_distutils_commands:/home/rokey/cobot3_ws/install/m0609/lib/python3.12/site-packages:${PYTHONPATH} /usr/bin/python3 -W ignore:setup.py install is deprecated -W ignore:easy_install command is deprecated setup.py egg_info --egg-base ../../build/m0609 build --build-base /home/rokey/cobot3_ws/build/m0609/build install --record /home/rokey/cobot3_ws/build/m0609/install.log --install-scripts $base/lib/m0609 --single-version-externally-managed install_data
[0.536s] running egg_info
[0.536s] creating ../../build/m0609/m0609.egg-info
[0.543s] writing ../../build/m0609/m0609.egg-info/PKG-INFO
[0.543s] writing dependency_links to ../../build/m0609/m0609.egg-info/dependency_links.txt
[0.543s] writing requirements to ../../build/m0609/m0609.egg-info/requires.txt
[0.543s] writing top-level names to ../../build/m0609/m0609.egg-info/top_level.txt
[0.543s] writing manifest file '../../build/m0609/m0609.egg-info/SOURCES.txt'
[0.557s] reading manifest file '../../build/m0609/m0609.egg-info/SOURCES.txt'
[0.557s] adding license file 'LICENSE'
[0.557s] writing manifest file '../../build/m0609/m0609.egg-info/SOURCES.txt'
[0.557s] running build
[0.557s] running build_py
[0.557s] creating /home/rokey/cobot3_ws/build/m0609/build
[0.557s] creating /home/rokey/cobot3_ws/build/m0609/build/lib
[0.557s] creating /home/rokey/cobot3_ws/build/m0609/build/lib/m0609
[0.557s] copying m0609/__init__.py -> /home/rokey/cobot3_ws/build/m0609/build/lib/m0609
[0.557s] running install
[0.560s] running install_lib
[0.567s] creating /home/rokey/cobot3_ws/install/m0609/lib/python3.12/site-packages/m0609
[0.567s] copying /home/rokey/cobot3_ws/build/m0609/build/lib/m0609/__init__.py -> /home/rokey/cobot3_ws/install/m0609/lib/python3.12/site-packages/m0609
[0.568s] byte-compiling /home/rokey/cobot3_ws/install/m0609/lib/python3.12/site-packages/m0609/__init__.py to __init__.cpython-312.pyc
[0.568s] running install_data
[0.568s] creating /home/rokey/cobot3_ws/install/m0609/share/ament_index
[0.568s] creating /home/rokey/cobot3_ws/install/m0609/share/ament_index/resource_index
[0.568s] creating /home/rokey/cobot3_ws/install/m0609/share/ament_index/resource_index/packages
[0.568s] copying resource/m0609 -> /home/rokey/cobot3_ws/install/m0609/share/ament_index/resource_index/packages
[0.568s] copying package.xml -> /home/rokey/cobot3_ws/install/m0609/share/m0609
[0.568s] running install_egg_info
[0.575s] Copying ../../build/m0609/m0609.egg-info to /home/rokey/cobot3_ws/install/m0609/lib/python3.12/site-packages/m0609-0.0.0-py3.12.egg-info
[0.576s] running install_scripts
[0.627s] writing list of installed files to '/home/rokey/cobot3_ws/build/m0609/install.log'
[0.642s] Invoked command in '/home/rokey/cobot3_ws/src/m0609' returned '0': DEBUGINFOD_URLS=https://debuginfod.ubuntu.com PYTHONPATH=/home/rokey/cobot3_ws/build/m0609/prefix_override:/usr/lib/python3/dist-packages/colcon_core/task/python/colcon_distutils_commands:/home/rokey/cobot3_ws/install/m0609/lib/python3.12/site-packages:${PYTHONPATH} /usr/bin/python3 -W ignore:setup.py install is deprecated -W ignore:easy_install command is deprecated setup.py egg_info --egg-base ../../build/m0609 build --build-base /home/rokey/cobot3_ws/build/m0609/build install --record /home/rokey/cobot3_ws/build/m0609/install.log --install-scripts $base/lib/m0609 --single-version-externally-managed install_data
