[0.770s] Invoking command in '/home/injae/cobot3_ws/src/cobot3': DEBUGINFOD_URLS=https://debuginfod.ubuntu.com PYTHONPATH=/home/injae/cobot3_ws/build/cobot3/prefix_override:/usr/lib/python3/dist-packages/colcon_core/task/python/colcon_distutils_commands:/home/injae/cobot3_ws/install/cobot3/lib/python3.12/site-packages:${PYTHONPATH} /usr/bin/python3 -W ignore:setup.py install is deprecated -W ignore:easy_install command is deprecated setup.py egg_info --egg-base ../../build/cobot3 build --build-base /home/injae/cobot3_ws/build/cobot3/build install --record /home/injae/cobot3_ws/build/cobot3/install.log --install-scripts $base/lib/cobot3 --single-version-externally-managed install_data
[0.983s] running egg_info
[0.999s] writing ../../build/cobot3/cobot3.egg-info/PKG-INFO
[1.000s] writing dependency_links to ../../build/cobot3/cobot3.egg-info/dependency_links.txt
[1.000s] writing entry points to ../../build/cobot3/cobot3.egg-info/entry_points.txt
[1.000s] writing requirements to ../../build/cobot3/cobot3.egg-info/requires.txt
[1.000s] writing top-level names to ../../build/cobot3/cobot3.egg-info/top_level.txt
[1.034s] reading manifest file '../../build/cobot3/cobot3.egg-info/SOURCES.txt'
[1.034s] writing manifest file '../../build/cobot3/cobot3.egg-info/SOURCES.txt'
[1.034s] running build
[1.034s] running build_py
[1.035s] copying cobot3/m0609_color_detector.py -> /home/injae/cobot3_ws/build/cobot3/build/lib/cobot3
[1.035s] running install
[1.040s] running install_lib
[1.057s] copying /home/injae/cobot3_ws/build/cobot3/build/lib/cobot3/m0609_color_detector.py -> /home/injae/cobot3_ws/install/cobot3/lib/python3.12/site-packages/cobot3
[1.057s] byte-compiling /home/injae/cobot3_ws/install/cobot3/lib/python3.12/site-packages/cobot3/m0609_color_detector.py to m0609_color_detector.cpython-312.pyc
[1.059s] running install_data
[1.059s] running install_egg_info
[1.077s] removing '/home/injae/cobot3_ws/install/cobot3/lib/python3.12/site-packages/cobot3-0.1.0-py3.12.egg-info' (and everything under it)
[1.077s] Copying ../../build/cobot3/cobot3.egg-info to /home/injae/cobot3_ws/install/cobot3/lib/python3.12/site-packages/cobot3-0.1.0-py3.12.egg-info
[1.078s] running install_scripts
[1.183s] Installing m0609_color_detector script to /home/injae/cobot3_ws/install/cobot3/lib/cobot3
[1.183s] writing list of installed files to '/home/injae/cobot3_ws/build/cobot3/install.log'
[1.203s] Invoked command in '/home/injae/cobot3_ws/src/cobot3' returned '0': DEBUGINFOD_URLS=https://debuginfod.ubuntu.com PYTHONPATH=/home/injae/cobot3_ws/build/cobot3/prefix_override:/usr/lib/python3/dist-packages/colcon_core/task/python/colcon_distutils_commands:/home/injae/cobot3_ws/install/cobot3/lib/python3.12/site-packages:${PYTHONPATH} /usr/bin/python3 -W ignore:setup.py install is deprecated -W ignore:easy_install command is deprecated setup.py egg_info --egg-base ../../build/cobot3 build --build-base /home/injae/cobot3_ws/build/cobot3/build install --record /home/injae/cobot3_ws/build/cobot3/install.log --install-scripts $base/lib/cobot3 --single-version-externally-managed install_data
